⠙[1G[0K[1mnpm[22m [96mnotice[39m
⠙[1G[0K[1mnpm[22m [96mnotice[39m 📦  paperclip-plugin-gitea@0.1.0
⠙[1G[0K[1mnpm[22m [96mnotice[39m [94mTarball Contents[39m
⠙[1G[0K[1mnpm[22m [96mnotice[39m 1.1kB LICENSE
[1mnpm[22m [96mnotice[39m 2.8kB README.md
[1mnpm[22m [96mnotice[39m 2.4kB dist/gitea-client.js
[1mnpm[22m [96mnotice[39m 3.8kB dist/manifest.js
[1mnpm[22m [96mnotice[39m 12.3kB dist/worker.js
[1mnpm[22m [96mnotice[39m 1.2kB package.json
⠙[1G[0K[1mnpm[22m [96mnotice[39m [94mTarball Details[39m
⠙[1G[0K[1mnpm[22m [96mnotice[39m name: paperclip-plugin-gitea
⠙[1G[0K[1mnpm[22m [96mnotice[39m version: 0.1.0
⠙[1G[0K[1mnpm[22m [96mnotice[39m filename: paperclip-plugin-gitea-0.1.0.tgz
⠙[1G[0K[1mnpm[22m [96mnotice[39m package size: 7.5 kB
⠙[1G[0K[1mnpm[22m [96mnotice[39m unpacked size: 23.6 kB
⠙[1G[0K[1mnpm[22m [96mnotice[39m shasum: 89eb3b292b6a4b5be608d58d9ed670fe1066daad
⠙[1G[0K[1mnpm[22m [96mnotice[39m integrity: sha512-Rsz8Gm3XbrOvy[...]JEMlHRKrPScyQ==
⠙[1G[0K[1mnpm[22m [96mnotice[39m total files: 6
⠙[1G[0K[1mnpm[22m [96mnotice[39m
⠙[1G[0K⠹[1G[0K⠸[1G[0K⠼[1G[0K⠴[1G[0K⠦[1G[0K⠧[1G[0K⠇[1G[0K⠏[1G[0K⠋[1G[0K⠙[1G[0K[1mnpm[22m [96mnotice[39m Publishing to https://registry.npmjs.org/ with tag latest and public access
⠙[1G[0K⠹[1G[0K⠸[1G[0K⠼[1G[0K⠴[1G[0KAuthenticate your account at:
https://www.npmjs.com/auth/cli/11609e74-7021-4542-901c-6c84d558ba8a
⠴[1G[0K[1G[0JPress ENTER to open in the browser...[38G

⠙[1G[0K⠹[1G[0K⠸[1G[0K⠼[1G[0K⠴[1G[0K⠦[1G[0K⠧[1G[0K⠇[1G[0K⠏[1G[0K⠋[1G[0K⠙[1G[0K⠹[1G[0K⠸[1G[0K⠼[1G[0K⠴[1G[0K⠦[1G[0K⠧[1G[0K⠇[1G[0K⠏[1G[0K⠋[1G[0K⠙[1G[0K⠹[1G[0K⠸[1G[0K⠼[1G[0K⠴[1G[0K⠦[1G[0K⠧[1G[0K[1mnpm[22m [96mnotice[39m Your package is being processed and may take a few minutes to become available.
⠧[1G[0K+ paperclip-plugin-gitea@0.1.0
⠧[1G[0K